✔ candidate boundary: sync-map (422.411917ms)
✔ candidate boundary: sync-map with positive neighbor (422.175834ms)
✔ candidate boundary: async-map (430.47825ms)
✔ candidate boundary: async-map with positive neighbor (424.145375ms)
✔ candidate boundary: unknown-callback (429.750708ms)
✔ candidate boundary: unknown-callback with positive neighbor (431.397959ms)
✔ candidate boundary: chain (440.411ms)
✔ candidate boundary: chain with positive neighbor (459.272833ms)
✔ candidate boundary: local-object (429.393167ms)
✔ candidate boundary: local-object with positive neighbor (431.785625ms)
✔ candidate boundary: alias (441.370458ms)
✔ candidate boundary: alias with positive neighbor (438.391333ms)
✔ candidate boundary: conditional-alias (435.49325ms)
✔ candidate boundary: conditional-alias with positive neighbor (442.812709ms)
✔ candidate boundary: escaped-options (424.083708ms)
✔ candidate boundary: escaped-options with positive neighbor (422.302875ms)
✔ candidate boundary: unrelated-import (424.519ms)
✔ candidate boundary: unrelated-import with positive neighbor (433.999958ms)
✔ candidate boundary: local-function (428.298084ms)
✔ candidate boundary: local-function with positive neighbor (455.716ms)
✔ candidate boundary: parameter (438.892125ms)
✔ candidate boundary: parameter with positive neighbor (423.240417ms)
✔ candidate boundary: sync-callback-alias (416.876416ms)
✔ candidate boundary: sync-callback-alias with positive neighbor (436.33575ms)
✔ candidate boundary: member-alias (422.396167ms)
✔ candidate boundary: member-alias with positive neighbor (429.527583ms)
✔ candidate boundary: super-constructor (425.710792ms)
✔ candidate boundary: super-constructor with positive neighbor (431.964792ms)
✔ candidate boundary: scalar-callback (426.286375ms)
✔ candidate boundary: scalar-callback with positive neighbor (422.0445ms)
✔ candidate boundary: shadowed-scalar-callback (419.49225ms)
✔ candidate boundary: shadowed-scalar-callback with positive neighbor (431.613084ms)
✔ candidate boundary: dynamic-global-member (421.984166ms)
✔ candidate boundary: dynamic-global-member with positive neighbor (428.628583ms)
✔ candidate boundary: unrelated-choice (439.712041ms)
✔ candidate boundary: unrelated-choice with positive neighbor (453.211083ms)
✔ candidate boundary: unrelated-fallback (437.799ms)
✔ candidate boundary: unrelated-fallback with positive neighbor (436.000666ms)
✔ candidate boundary: fetch-fallback (424.709666ms)
✔ candidate boundary: fetch-fallback with positive neighbor (436.615583ms)
✔ candidate boundary: opaque-factory (434.79825ms)
✔ candidate boundary: opaque-factory with positive neighbor (438.863292ms)
✔ candidate boundary: opaque-import-factory (426.050125ms)
✔ candidate boundary: opaque-import-factory with positive neighbor (437.633833ms)
✔ candidate boundary: reassigned-alias (463.42925ms)
✔ candidate boundary: reassigned-alias with positive neighbor (434.212291ms)
✔ zero-finding multi-doctor report identifies the narrowed group and the complete group (1.903792ms)
ℹ tests 47
ℹ suites 0
ℹ pass 47
ℹ fail 0
ℹ cancelled 0
ℹ skipped 0
ℹ todo 0
ℹ duration_ms 19977.481042
