✔ candidate boundary: sync-map (421.669917ms)
✔ candidate boundary: sync-map with positive neighbor (418.192709ms)
✔ candidate boundary: async-map (413.798875ms)
✔ candidate boundary: async-map with positive neighbor (421.978208ms)
✔ candidate boundary: unknown-callback (442.471125ms)
✔ candidate boundary: unknown-callback with positive neighbor (424.50175ms)
✔ candidate boundary: chain (426.417375ms)
✔ candidate boundary: chain with positive neighbor (424.087834ms)
✔ candidate boundary: local-object (415.420333ms)
✔ candidate boundary: local-object with positive neighbor (436.534375ms)
✔ candidate boundary: alias (424.264541ms)
✔ candidate boundary: alias with positive neighbor (424.208958ms)
✔ candidate boundary: conditional-alias (434.747708ms)
✔ candidate boundary: conditional-alias with positive neighbor (430.976667ms)
✔ candidate boundary: escaped-options (425.591541ms)
✔ candidate boundary: escaped-options with positive neighbor (447.907209ms)
✔ candidate boundary: unrelated-import (452.689667ms)
✔ candidate boundary: unrelated-import with positive neighbor (442.277667ms)
✔ candidate boundary: local-function (444.586291ms)
✔ candidate boundary: local-function with positive neighbor (437.884625ms)
✔ candidate boundary: parameter (457.5025ms)
✔ candidate boundary: parameter with positive neighbor (441.403375ms)
✔ candidate boundary: sync-callback-alias (434.849291ms)
✔ candidate boundary: sync-callback-alias with positive neighbor (430.08025ms)
✔ candidate boundary: member-alias (429.068667ms)
✔ candidate boundary: member-alias with positive neighbor (429.510458ms)
✔ candidate boundary: super-constructor (450.904167ms)
✔ candidate boundary: super-constructor with positive neighbor (436.77075ms)
✔ candidate boundary: scalar-callback (430.216208ms)
✔ candidate boundary: scalar-callback with positive neighbor (432.867792ms)
✔ candidate boundary: shadowed-scalar-callback (431.373916ms)
✔ candidate boundary: shadowed-scalar-callback with positive neighbor (432.228583ms)
✔ candidate boundary: dynamic-global-member (444.121083ms)
✔ candidate boundary: dynamic-global-member with positive neighbor (418.101458ms)
✔ candidate boundary: unrelated-choice (417.1835ms)
✔ candidate boundary: unrelated-choice with positive neighbor (426.04525ms)
✔ candidate boundary: unrelated-fallback (417.324833ms)
✔ candidate boundary: unrelated-fallback with positive neighbor (457.339875ms)
✔ candidate boundary: fetch-fallback (424.474792ms)
✔ candidate boundary: fetch-fallback with positive neighbor (433.140416ms)
✔ candidate boundary: opaque-factory (433.712708ms)
✔ candidate boundary: opaque-factory with positive neighbor (424.113583ms)
✔ candidate boundary: opaque-import-factory (433.149125ms)
✔ candidate boundary: opaque-import-factory with positive neighbor (434.000041ms)
✔ candidate boundary: reassigned-alias (432.052333ms)
✔ candidate boundary: reassigned-alias with positive neighbor (423.144167ms)
✔ zero-finding multi-doctor report identifies the narrowed group and the complete group (1.898292ms)
ℹ tests 47
ℹ suites 0
ℹ pass 47
ℹ fail 0
ℹ cancelled 0
ℹ skipped 0
ℹ todo 0
ℹ duration_ms 19937.562334
