file://<repo>/dev/doctor-sdk/run-profile-mutations.mjs:20
  let result;try{result=JSON.parse(run.stdout);}catch{throw Error(`${mutation.id}: non-JSON verification: ${run.stdout}\n${run.stderr}`);}
                                                            ^

Error: broken-identity: non-JSON verification: 
node:internal/modules/package_json_reader:301
  throw new ERR_MODULE_NOT_FOUND(packageName, fileURLToPath(base), null);
        ^

Error [ERR_MODULE_NOT_FOUND]: Cannot find package 'effect' imported from <temp>/final-gates/packed-mutations/broken-identity/bin/runner.js
    at Object.getPackageJSONURL (node:internal/modules/package_json_reader:301:9)
    at packageResolve (node:internal/modules/esm/resolve:784:25)
    at moduleResolve (node:internal/modules/esm/resolve:873:18)
    at defaultResolve (node:internal/modules/esm/resolve:1006:11)
    at #cachedDefaultResolve (node:internal/modules/esm/loader:708:20)
    at #resolveAndMaybeBlockOnLoaderThread (node:internal/modules/esm/loader:728:38)
    at ModuleLoader.resolveSync (node:internal/modules/esm/loader:766:56)
    at #resolve (node:internal/modules/esm/loader:690:17)
    at ModuleLoader.getOrCreateModuleJob (node:internal/modules/esm/loader:610:35)
    at ModuleJob.syncLink (node:internal/modules/esm/module_job:277:33) {
  code: 'ERR_MODULE_NOT_FOUND'
}

Node.js v26.5.0

    at file://<repo>/dev/doctor-sdk/run-profile-mutations.mjs:20:61
    at ModuleJob.run (node:internal/modules/esm/module_job:569:25)
    at async node:internal/modules/esm/loader:650:26
    at async asyncRunEntryPointWithESMLoader (node:internal/modules/run_main:101:5)

Node.js v26.5.0
